[     118ms] [LOG] Angular is running in development mode. @ http://localhost:4200/@fs/home/manuel/Desarrollos/Jano/frontend/.angular/cache/21.2.0/jano-web-app/vite/deps/chunk-DWVZG3F2.js?v=6be70e3a:11129
[     126ms] [ERROR] Failed to load resource: the server responded with a status of 401 (Unauthorized) @ http://localhost:4200/api/app-settings?locale=en:0
[     237ms] [LOG] Angular hydrated 1 component(s) and 5 node(s), 0 component(s) were skipped. Learn more at https://v21.angular.dev/guide/hydration. @ http://localhost:4200/@fs/home/manuel/Desarrollos/Jano/frontend/.angular/cache/21.2.0/jano-web-app/vite/deps/chunk-DWVZG3F2.js?v=6be70e3a:11129
[  125420ms] [LOG] Angular is running in development mode. @ http://localhost:4200/@fs/home/manuel/Desarrollos/Jano/frontend/.angular/cache/21.2.0/jano-web-app/vite/deps/chunk-DWVZG3F2.js?v=6be70e3a:11129
[  125434ms] [ERROR] Failed to load resource: the server responded with a status of 401 (Unauthorized) @ http://localhost:4200/api/app-settings?locale=en:0
[  125468ms] [LOG] Angular hydrated 1 component(s) and 5 node(s), 0 component(s) were skipped. Learn more at https://v21.angular.dev/guide/hydration. @ http://localhost:4200/@fs/home/manuel/Desarrollos/Jano/frontend/.angular/cache/21.2.0/jano-web-app/vite/deps/chunk-DWVZG3F2.js?v=6be70e3a:11129
[ 1236387ms] [LOG] Angular is running in development mode. @ http://localhost:4200/@fs/home/manuel/Desarrollos/Jano/frontend/.angular/cache/21.2.0/jano-web-app/vite/deps/chunk-DWVZG3F2.js?v=6be70e3a:11129
[ 1236397ms] [ERROR] Failed to load resource: the server responded with a status of 401 (Unauthorized) @ http://localhost:4200/api/app-settings?locale=en:0
[ 1236413ms] [LOG] Angular hydrated 1 component(s) and 5 node(s), 0 component(s) were skipped. Learn more at https://v21.angular.dev/guide/hydration. @ http://localhost:4200/@fs/home/manuel/Desarrollos/Jano/frontend/.angular/cache/21.2.0/jano-web-app/vite/deps/chunk-DWVZG3F2.js?v=6be70e3a:11129
[ 1898197ms] [LOG] Angular is running in development mode. @ http://localhost:4200/@fs/home/manuel/Desarrollos/Jano/frontend/.angular/cache/21.2.0/jano-web-app/vite/deps/chunk-DWVZG3F2.js?v=6be70e3a:11129
[ 1898203ms] [ERROR] Failed to load resource: the server responded with a status of 401 (Unauthorized) @ http://localhost:4200/api/app-settings?locale=en:0
[ 1898225ms] [LOG] Angular hydrated 1 component(s) and 5 node(s), 0 component(s) were skipped. Learn more at https://v21.angular.dev/guide/hydration. @ http://localhost:4200/@fs/home/manuel/Desarrollos/Jano/frontend/.angular/cache/21.2.0/jano-web-app/vite/deps/chunk-DWVZG3F2.js?v=6be70e3a:11129
[ 1934775ms] [LOG] Angular is running in development mode. @ http://localhost:4200/@fs/home/manuel/Desarrollos/Jano/frontend/.angular/cache/21.2.0/jano-web-app/vite/deps/chunk-DWVZG3F2.js?v=6be70e3a:11129
[ 1934797ms] [ERROR] Failed to load resource: the server responded with a status of 401 (Unauthorized) @ http://localhost:4200/api/app-settings?locale=en:0
[ 1934807ms] [LOG] Angular hydrated 1 component(s) and 5 node(s), 0 component(s) were skipped. Learn more at https://v21.angular.dev/guide/hydration. @ http://localhost:4200/@fs/home/manuel/Desarrollos/Jano/frontend/.angular/cache/21.2.0/jano-web-app/vite/deps/chunk-DWVZG3F2.js?v=6be70e3a:11129
[ 2114930ms] [LOG] Angular is running in development mode. @ http://localhost:4200/@fs/home/manuel/Desarrollos/Jano/frontend/.angular/cache/21.2.0/jano-web-app/vite/deps/chunk-DWVZG3F2.js?v=6be70e3a:11129
[ 2114936ms] [ERROR] Failed to load resource: the server responded with a status of 401 (Unauthorized) @ http://localhost:4200/api/app-settings?locale=en:0
[ 2114951ms] [LOG] Angular hydrated 1 component(s) and 5 node(s), 0 component(s) were skipped. Learn more at https://v21.angular.dev/guide/hydration. @ http://localhost:4200/@fs/home/manuel/Desarrollos/Jano/frontend/.angular/cache/21.2.0/jano-web-app/vite/deps/chunk-DWVZG3F2.js?v=6be70e3a:11129
[ 2131338ms] [LOG] Angular is running in development mode. @ http://localhost:4200/@fs/home/manuel/Desarrollos/Jano/frontend/.angular/cache/21.2.0/jano-web-app/vite/deps/chunk-DWVZG3F2.js?v=6be70e3a:11129
[ 2131344ms] [ERROR] Failed to load resource: the server responded with a status of 401 (Unauthorized) @ http://localhost:4200/api/app-settings?locale=en:0
[ 2131354ms] [LOG] Angular hydrated 1 component(s) and 5 node(s), 0 component(s) were skipped. Learn more at https://v21.angular.dev/guide/hydration. @ http://localhost:4200/@fs/home/manuel/Desarrollos/Jano/frontend/.angular/cache/21.2.0/jano-web-app/vite/deps/chunk-DWVZG3F2.js?v=6be70e3a:11129
[ 2354667ms] [LOG] Angular is running in development mode. @ http://localhost:4200/@fs/home/manuel/Desarrollos/Jano/frontend/.angular/cache/21.2.0/jano-web-app/vite/deps/chunk-DWVZG3F2.js?v=6be70e3a:11129
[ 2354674ms] [ERROR] Failed to load resource: the server responded with a status of 401 (Unauthorized) @ http://localhost:4200/api/app-settings?locale=en:0
[ 2354687ms] [LOG] Angular hydrated 1 component(s) and 5 node(s), 0 component(s) were skipped. Learn more at https://v21.angular.dev/guide/hydration. @ http://localhost:4200/@fs/home/manuel/Desarrollos/Jano/frontend/.angular/cache/21.2.0/jano-web-app/vite/deps/chunk-DWVZG3F2.js?v=6be70e3a:11129
[ 2689962ms] [LOG] Angular is running in development mode. @ http://localhost:4200/@fs/home/manuel/Desarrollos/Jano/frontend/.angular/cache/21.2.0/jano-web-app/vite/deps/chunk-DWVZG3F2.js?v=6be70e3a:11129
[ 2689967ms] [ERROR] Failed to load resource: the server responded with a status of 401 (Unauthorized) @ http://localhost:4200/api/app-settings?locale=en:0
[ 2689980ms] [LOG] Angular hydrated 1 component(s) and 5 node(s), 0 component(s) were skipped. Learn more at https://v21.angular.dev/guide/hydration. @ http://localhost:4200/@fs/home/manuel/Desarrollos/Jano/frontend/.angular/cache/21.2.0/jano-web-app/vite/deps/chunk-DWVZG3F2.js?v=6be70e3a:11129
[ 2708235ms] [LOG] Angular is running in development mode. @ http://localhost:4200/@fs/home/manuel/Desarrollos/Jano/frontend/.angular/cache/21.2.0/jano-web-app/vite/deps/chunk-DWVZG3F2.js?v=6be70e3a:11129
[ 2708253ms] [ERROR] Failed to load resource: the server responded with a status of 401 (Unauthorized) @ http://localhost:4200/api/app-settings?locale=en:0
[ 2708254ms] [LOG] Angular hydrated 1 component(s) and 5 node(s), 0 component(s) were skipped. Learn more at https://v21.angular.dev/guide/hydration. @ http://localhost:4200/@fs/home/manuel/Desarrollos/Jano/frontend/.angular/cache/21.2.0/jano-web-app/vite/deps/chunk-DWVZG3F2.js?v=6be70e3a:11129
[ 2906900ms] [LOG] Angular is running in development mode. @ http://localhost:4200/@fs/home/manuel/Desarrollos/Jano/frontend/.angular/cache/21.2.0/jano-web-app/vite/deps/chunk-DWVZG3F2.js?v=6be70e3a:11129
[ 2906904ms] [ERROR] Failed to load resource: the server responded with a status of 401 (Unauthorized) @ http://localhost:4200/api/app-settings?locale=en:0
[ 2906919ms] [LOG] Angular hydrated 1 component(s) and 5 node(s), 0 component(s) were skipped. Learn more at https://v21.angular.dev/guide/hydration. @ http://localhost:4200/@fs/home/manuel/Desarrollos/Jano/frontend/.angular/cache/21.2.0/jano-web-app/vite/deps/chunk-DWVZG3F2.js?v=6be70e3a:11129
[ 2926335ms] [LOG] Angular is running in development mode. @ http://localhost:4200/@fs/home/manuel/Desarrollos/Jano/frontend/.angular/cache/21.2.0/jano-web-app/vite/deps/chunk-DWVZG3F2.js?v=6be70e3a:11129
[ 2926352ms] [ERROR] Failed to load resource: the server responded with a status of 401 (Unauthorized) @ http://localhost:4200/api/app-settings?locale=en:0
[ 2926353ms] [LOG] Angular hydrated 1 component(s) and 5 node(s), 0 component(s) were skipped. Learn more at https://v21.angular.dev/guide/hydration. @ http://localhost:4200/@fs/home/manuel/Desarrollos/Jano/frontend/.angular/cache/21.2.0/jano-web-app/vite/deps/chunk-DWVZG3F2.js?v=6be70e3a:11129
[ 3440711ms] [LOG] Angular is running in development mode. @ http://localhost:4200/@fs/home/manuel/Desarrollos/Jano/frontend/.angular/cache/21.2.0/jano-web-app/vite/deps/chunk-DWVZG3F2.js?v=6be70e3a:11129
[ 3440717ms] [ERROR] Failed to load resource: the server responded with a status of 401 (Unauthorized) @ http://localhost:4200/api/app-settings?locale=en:0
[ 3440732ms] [LOG] Angular hydrated 1 component(s) and 5 node(s), 0 component(s) were skipped. Learn more at https://v21.angular.dev/guide/hydration. @ http://localhost:4200/@fs/home/manuel/Desarrollos/Jano/frontend/.angular/cache/21.2.0/jano-web-app/vite/deps/chunk-DWVZG3F2.js?v=6be70e3a:11129
